04:17:57  event=UserPromptSubmit   tool=
04:18:05  event=PreToolUse         tool=Bash
04:18:06  event=PostToolUse        tool=Bash
04:18:11  event=PreToolUse         tool=Read
04:18:11  event=PostToolUse        tool=Read
04:18:22  event=PreToolUse         tool=Write
04:18:22  event=PostToolUse        tool=Write
04:18:29  event=PreToolUse         tool=ToolSearch
04:18:29  event=PostToolUse        tool=ToolSearch
04:18:33  event=PreToolUse         tool=ExitPlanMode
04:18:33  event=PermissionRequest  tool=ExitPlanMode
04:18:40  event=Notification       tool=
04:19:01  event=PostToolUse        tool=ExitPlanMode
04:19:06  event=PreToolUse         tool=Write
04:19:06  event=PostToolUse        tool=Write
04:19:10  event=PreToolUse         tool=Bash
04:19:12  event=PostToolUse        tool=Bash
04:19:30  event=UserPromptSubmit   tool=
04:19:35  event=PreToolUse         tool=AskUserQuestion
04:19:35  event=PermissionRequest  tool=AskUserQuestion
04:19:39  event=PostToolUse        tool=AskUserQuestion
04:19:45  event=PreToolUse         tool=Edit
04:19:45  event=PostToolUse        tool=Edit
04:19:48  event=PreToolUse         tool=Bash
04:19:51  event=PostToolUse        tool=Bash
